// Jest Snapshot v1, https://goo.gl/fbAQLP

exports[`getSolidDataset returns a SolidDataset representing the fetched Turtle 1`] = `
Object {
  "graphs": Object {
    "default": Object {
      "https://arbitrary.pod/resource": Object {
        "predicates": Object {
          "http://www.w3.org/1999/02/22-rdf-syntax-ns#type": Object {
            "namedNodes": Array [
              "http://xmlns.com/foaf/0.1/PersonalProfileDocument",
            ],
          },
          "http://xmlns.com/foaf/0.1/maker": Object {
            "namedNodes": Array [
              "https://arbitrary.pod/resource#me",
            ],
          },
          "http://xmlns.com/foaf/0.1/primaryTopic": Object {
            "namedNodes": Array [
              "https://arbitrary.pod/resource#me",
            ],
          },
        },
        "type": "Subject",
        "url": "https://arbitrary.pod/resource",
      },
      "https://arbitrary.pod/resource#me": Object {
        "predicates": Object {
          "http://www.w3.org/1999/02/22-rdf-syntax-ns#type": Object {
            "namedNodes": Array [
              "http://xmlns.com/foaf/0.1/Person",
            ],
          },
          "http://www.w3.org/2006/vcard/ns#fn": Object {
            "literals": Object {
              "http://www.w3.org/2001/XMLSchema#string": Array [
                "Vincent",
              ],
            },
          },
        },
        "type": "Subject",
        "url": "https://arbitrary.pod/resource#me",
      },
    },
  },
  "internal_resourceInfo": Object {
    "contentType": "text/turtle",
    "isRawData": false,
    "linkedResources": Object {},
    "sourceIri": "https://arbitrary.pod/resource",
  },
  "type": "Dataset",
}
`;
